not readable
not readable
not readable
